Started phase 0, duration: 100s @ 18:05:35(+0530) 2020-07-09
Report @ 18:05:45(+0530) 2020-07-09
Elapsed time: 10 seconds
  Scenarios launched:  199
  Scenarios completed: 199
  Requests completed:  398
  Mean response/sec: 40.2
  Response time (msec):
    min: 0
    max: 11
    median: 0.9
    p95: 4.3
    p99: 8.2
  Codes:
    0: 199
    200: 199

Report @ 18:05:55(+0530) 2020-07-09
Elapsed time: 20 seconds
  Scenarios launched:  200
  Scenarios completed: 200
  Requests completed:  400
  Mean response/sec: 40.08
  Response time (msec):
    min: 0
    max: 18.4
    median: 0.7
    p95: 5.9
    p99: 9
  Codes:
    0: 200
    200: 200

Report @ 18:06:05(+0530) 2020-07-09
Elapsed time: 30 seconds
  Scenarios launched:  200
  Scenarios completed: 200
  Requests completed:  400
  Mean response/sec: 40.04
  Response time (msec):
    min: 0
    max: 9.6
    median: 0.8
    p95: 3.6
    p99: 7.3
  Codes:
    0: 200
    200: 200

Report @ 18:06:15(+0530) 2020-07-09
Elapsed time: 40 seconds
  Scenarios launched:  200
  Scenarios completed: 200
  Requests completed:  400
  Mean response/sec: 40.04
  Response time (msec):
    min: 0
    max: 14.8
    median: 0.7
    p95: 4.9
    p99: 8
  Codes:
    0: 200
    200: 200

Report @ 18:06:25(+0530) 2020-07-09
Elapsed time: 50 seconds
  Scenarios launched:  200
  Scenarios completed: 200
  Requests completed:  400
  Mean response/sec: 40.04
  Response time (msec):
    min: 0
    max: 13.6
    median: 0.5
    p95: 3.4
    p99: 7.6
  Codes:
    0: 200
    200: 200

Report @ 18:06:35(+0530) 2020-07-09
Elapsed time: 1 minute, 0 seconds
  Scenarios launched:  200
  Scenarios completed: 200
  Requests completed:  400
  Mean response/sec: 40.04
  Response time (msec):
    min: 0
    max: 6.5
    median: 0.5
    p95: 2.8
    p99: 4.7
  Codes:
    0: 200
    200: 200

Report @ 18:06:45(+0530) 2020-07-09
Elapsed time: 1 minute, 10 seconds
  Scenarios launched:  200
  Scenarios completed: 200
  Requests completed:  400
  Mean response/sec: 40
  Response time (msec):
    min: 0
    max: 7.5
    median: 0.6
    p95: 3.2
    p99: 4.9
  Codes:
    0: 200
    200: 200

Report @ 18:06:55(+0530) 2020-07-09
Elapsed time: 1 minute, 20 seconds
  Scenarios launched:  200
  Scenarios completed: 200
  Requests completed:  400
  Mean response/sec: 40.04
  Response time (msec):
    min: 0
    max: 9.1
    median: 0.5
    p95: 2.5
    p99: 5.4
  Codes:
    0: 200
    200: 200

Report @ 18:07:05(+0530) 2020-07-09
Elapsed time: 1 minute, 30 seconds
  Scenarios launched:  200
  Scenarios completed: 200
  Requests completed:  400
  Mean response/sec: 40.04
  Response time (msec):
    min: 0
    max: 10.7
    median: 0.7
    p95: 3.3
    p99: 7.8
  Codes:
    0: 200
    200: 200

Report @ 18:07:15(+0530) 2020-07-09
Elapsed time: 1 minute, 40 seconds
  Scenarios launched:  200
  Scenarios completed: 200
  Requests completed:  400
  Mean response/sec: 40.04
  Response time (msec):
    min: 0
    max: 8.3
    median: 0.6
    p95: 2.3
    p99: 4.5
  Codes:
    0: 200
    200: 200

Report @ 18:07:15(+0530) 2020-07-09
Elapsed time: 1 minute, 40 seconds
  Scenarios launched:  1
  Scenarios completed: 1
  Requests completed:  2
  Mean response/sec: 4
  Response time (msec):
    min: 0
    max: 1.3
    median: 0.7
    p95: 1.3
    p99: 1.3
  Codes:
    0: 1
    200: 1

All virtual users finished
Summary report @ 18:07:15(+0530) 2020-07-09
  Scenarios launched:  2000
  Scenarios completed: 2000
  Requests completed:  4000
  Mean response/sec: 39.82
  Response time (msec):
    min: 0
    max: 18.4
    median: 0.7
    p95: 3.4
    p99: 7.3
  Scenario counts:
    0: 2000 (100%)
  Codes:
    0: 2000
    200: 2000

